// Jest Snapshot v1, https://goo.gl/fbAQLP

exports[`Delete screen ProvideDeleteScreen_WhenSnapshotMatches_ShouldPassTestCase 1`] = `ShallowWrapper {}`;
