// Jest Snapshot v1, https://goo.gl/fbAQLP

exports[`Test Delete Action Functionality ProvideDeleteAction_WhenMatchecSnapshot_testShouldPass 1`] = `ShallowWrapper {}`;
