// Jest Snapshot v1, https://goo.gl/fbAQLP

exports[`Login Test ProvideRender_WhenMatchToSnapshot_TestShouldPass 1`] = `ShallowWrapper {}`;
