// Jest Snapshot v1, https://goo.gl/fbAQLP

exports[`Test Note Detail Provider ProvideNoteDetaitProvider_WhenSnapMatches_TestShouldPass 1`] = `ShallowWrapper {}`;
