// Jest Snapshot v1, https://goo.gl/fbAQLP

exports[`Test Note Container ProvideNoteContainer_WhenSnapMatches_TestShouldPass 1`] = `ShallowWrapper {}`;
