// Jest Snapshot v1, https://goo.gl/fbAQLP

exports[`Reset Password Test ProvideRender_WhenMatchToSnapshot_TestShouldPass 1`] = `ShallowWrapper {}`;
