// Jest Snapshot v1, https://goo.gl/fbAQLP

exports[`Signup Test ProvideRender_WhenMatchToSnapshot_TestShouldPass 1`] = `ShallowWrapper {}`;
